#-----------------------------------------------------------
# Vivado v2024.1 (64-bit)
# SW Build 5076996 on Wed May 22 18:37:14 MDT 2024
# IP Build 5075265 on Wed May 22 21:45:21 MDT 2024
# SharedData Build 5076995 on Wed May 22 18:29:18 MDT 2024
# Start of session at: Thu Dec  5 17:00:30 2024
# Process ID: 13508
# Current directory: C:/Users/Goncalo/Documents/SEC/project_2/project_2.runs/impl_1
# Command line: vivado.exe -log design_1_wrapper.vdi -applog -product Vivado -messageDb vivado.pb -mode batch -source design_1_wrapper.tcl -notrace
# Log file: C:/Users/Goncalo/Documents/SEC/project_2/project_2.runs/impl_1/design_1_wrapper.vdi
# Journal file: C:/Users/Goncalo/Documents/SEC/project_2/project_2.runs/impl_1\vivado.jou
# Running On        :DESKTOP-9FNIQPR
# Platform          :Windows Server 2016 or Windows 10
# Operating System  :22631
# Processor Detail  :AMD Ryzen 5 5600H with Radeon Graphics         
# CPU Frequency     :3294 MHz
# CPU Physical cores:6
# CPU Logical cores :12
# Host memory       :14877 MB
# Swap memory       :10737 MB
# Total Virtual     :25614 MB
# Available Virtual :11134 MB
#-----------------------------------------------------------
source design_1_wrapper.tcl -notrace
